[2026-06-09T10:07:34.118030] USER=test_baker ACTION=LOGIN DETAILS=Role=Baker
[2026-06-09T10:10:31.281917] USER=test_beker ACTION=LOGIN DETAILS=Role=Baker
[2026-06-09T10:11:31.524765] USER=test_beker ACTION=SCALE_BAKER DETAILS=Recipe mutti_bread_rolls to 200
[2026-06-09T10:20:40.398968] USER=Mutti ACTION=LOGIN DETAILS=Role=Mutti
[2026-06-09T10:24:06.682417] USER=Mutti ACTION=LOGIN DETAILS=Role=Mutti
[2026-06-09T10:26:14.679459] USER=Mutti ACTION=SCALE DETAILS=mutti_bread_rolls to 200
[2026-06-09T10:28:04.219630] USER=Mutti ACTION=SCALE DETAILS=mutti_bread_rolls to 200
[2026-06-09T10:36:06.647211] USER=Mutti ACTION=LOGIN DETAILS=Role=Mutti
[2026-06-09T10:38:19.521649] USER=Mutti ACTION=SCALE DETAILS=mutti_bread_rolls to 1000
[2026-06-09T10:39:03.659837] USER=Mutti ACTION=LOGIN DETAILS=Role=Mutti
[2026-06-09T10:41:39.778582] USER=Mutti ACTION=LOGIN DETAILS=Role=Mutti
[2026-06-09T10:46:55.769072] USER=Mutti ACTION=LOGIN DETAILS=Role=Mutti
[2026-06-09T10:48:47.421304] USER=Mutti ACTION=CREATE_RECIPE DETAILS=Added test_cake
[2026-06-09T10:50:44.984440] USER=Hans ACTION=LOGIN DETAILS=Role=Manager
[2026-06-09T10:51:13.599590] USER=Hans ACTION=UNAUTHORIZED_APPROVE_ATTEMPT DETAILS=
[2026-06-09T10:53:25.077590] USER=Hans ACTION=LOGIN DETAILS=Role=Manager
[2026-06-09T10:54:45.106011] USER=alice,bob ACTION=BREAK_GLASS_FAILED DETAILS=Failed attempt
[2026-06-09T10:56:07.824432] USER=Hans ACTION=LOGIN DETAILS=Role=Manager
[2026-06-09T10:56:34.389827] USER=Alice,bob ACTION=BREAK_GLASS_FAILED DETAILS=Failed attempt
[2026-06-09T10:57:38.372783] USER=Hans ACTION=LOGIN DETAILS=Role=Manager
[2026-06-09T10:57:56.081212] USER=alice,bob ACTION=BREAK_GLASS_FAILED DETAILS=Failed attempt
[2026-06-09T10:58:15.405420] USER=Hans ACTION=LOGIN DETAILS=Role=Manager
[2026-06-09T10:58:32.931372] USER=alice,bob ACTION=BREAK_GLASS DETAILS=Emergency admin access granted
[2026-06-09T10:59:13.774927] USER=emergency_admin ACTION=BREAK_GLASS_APPROVE DETAILS=test_cake
